Archive member included to satisfy reference by file (symbol)

c:/program files (x86)/atmel/studio/7.0/toolchain/avr8/avr8-gnu-toolchain/bin/../lib/gcc/avr/5.4.0/avrxmega3/short-calls\libgcc.a(_exit.o)
                              C:/Program Files (x86)/Atmel/Studio/7.0/Packs/Atmel/ATtiny_DFP/1.9.337/gcc/dev/attiny817/avrxmega3/short-calls/crtattiny817.o (exit)
c:/program files (x86)/atmel/studio/7.0/toolchain/avr8/avr8-gnu-toolchain/bin/../lib/gcc/avr/5.4.0/avrxmega3/short-calls\libgcc.a(_copy_data.o)
                              main.o (__do_copy_data)
c:/program files (x86)/atmel/studio/7.0/toolchain/avr8/avr8-gnu-toolchain/bin/../lib/gcc/avr/5.4.0/avrxmega3/short-calls\libgcc.a(_clear_bss.o)
                              examples/src/i2c_slave_example.o (__do_clear_bss)

Allocating common symbols
Common symbol       size              file

I2C_0_stop_interrupt_handler
                    0x2               src/i2c_slave.o
I2C_0_num_writes    0x1               examples/src/i2c_slave_example.o
reg                 0x1               main.o
I2C_0_register_address
                    0x1               examples/src/i2c_slave_example.o
data_count          0x2               main.o
I2C_0_write_interrupt_handler
                    0x2               src/i2c_slave.o
I2C_0_read_interrupt_handler
                    0x2               src/i2c_slave.o
I2C_0_num_reads     0x1               examples/src/i2c_slave_example.o
I2C_0_num_stops     0x1               examples/src/i2c_slave_example.o
I2C_0_address_interrupt_handler
                    0x2               src/i2c_slave.o
I2C_0_num_addresses
                    0x1               examples/src/i2c_slave_example.o
I2C_0_bus_error_interrupt_handler
                    0x2               src/i2c_slave.o
I2C_0_slave_address
                    0x1               examples/src/i2c_slave_example.o
I2C_0_collision_interrupt_handler
                    0x2               src/i2c_slave.o

Discarded input sections

 .data          0x00000000        0x0 C:/Program Files (x86)/Atmel/Studio/7.0/Packs/Atmel/ATtiny_DFP/1.9.337/gcc/dev/attiny817/avrxmega3/short-calls/crtattiny817.o
 .bss           0x00000000        0x0 C:/Program Files (x86)/Atmel/Studio/7.0/Packs/Atmel/ATtiny_DFP/1.9.337/gcc/dev/attiny817/avrxmega3/short-calls/crtattiny817.o
 .text          0x00000000        0x0 atmel_start.o
 .data          0x00000000        0x0 atmel_start.o
 .bss           0x00000000        0x0 atmel_start.o
 .text          0x00000000        0x0 driver_isr.o
 .data          0x00000000        0x0 driver_isr.o
 .bss           0x00000000        0x0 driver_isr.o
 .debug_info    0x00000000       0x5d driver_isr.o
 .debug_abbrev  0x00000000       0x26 driver_isr.o
 .debug_aranges
                0x00000000       0x18 driver_isr.o
 .debug_line    0x00000000       0x1a driver_isr.o
 .debug_str     0x00000000      0x185 driver_isr.o
 .comment       0x00000000       0x31 driver_isr.o
 .text          0x00000000        0x0 examples/src/i2c_slave_example.o
 .data          0x00000000        0x0 examples/src/i2c_slave_example.o
 .bss           0x00000000        0x0 examples/src/i2c_slave_example.o
 .text.I2C_0_stop_handler
                0x00000000        0xc examples/src/i2c_slave_example.o
 .text.I2C_0_error_handler
                0x00000000        0x2 examples/src/i2c_slave_example.o
 .text.I2C_0_address_handler
                0x00000000       0x14 examples/src/i2c_slave_example.o
 .text.I2C_0_write_handler
                0x00000000       0x14 examples/src/i2c_slave_example.o
 .text.I2C_0_read_handler
                0x00000000       0x10 examples/src/i2c_slave_example.o
 .text.I2C_0_test_i2c_slave
                0x00000000       0x32 examples/src/i2c_slave_example.o
 .debug_info    0x00000000      0x2e3 examples/src/i2c_slave_example.o
 .debug_abbrev  0x00000000       0xf5 examples/src/i2c_slave_example.o
 .debug_aranges
                0x00000000       0x48 examples/src/i2c_slave_example.o
 .debug_ranges  0x00000000       0x38 examples/src/i2c_slave_example.o
 .debug_line    0x00000000      0x18f examples/src/i2c_slave_example.o
 .debug_str     0x00000000      0x357 examples/src/i2c_slave_example.o
 .comment       0x00000000       0x31 examples/src/i2c_slave_example.o
 .debug_frame   0x00000000       0x74 examples/src/i2c_slave_example.o
 COMMON         0x00000000        0x6 examples/src/i2c_slave_example.o
 .text          0x00000000        0x0 main.o
 .data          0x00000000        0x0 main.o
 .bss           0x00000000        0x0 main.o
 .text.sleep    0x00000000       0x16 main.o
 .text          0x00000000        0x0 src/bod.o
 .data          0x00000000        0x0 src/bod.o
 .bss           0x00000000        0x0 src/bod.o
 .text          0x00000000        0x0 src/ccl.o
 .data          0x00000000        0x0 src/ccl.o
 .bss           0x00000000        0x0 src/ccl.o
 .text          0x00000000        0x0 src/clkctrl.o
 .data          0x00000000        0x0 src/clkctrl.o
 .bss           0x00000000        0x0 src/clkctrl.o
 .text          0x00000000        0x0 src/cpuint.o
 .data          0x00000000        0x0 src/cpuint.o
 .bss           0x00000000        0x0 src/cpuint.o
 .text          0x00000000        0x0 src/driver_init.o
 .data          0x00000000        0x0 src/driver_init.o
 .bss           0x00000000        0x0 src/driver_init.o
 .text          0x00000000        0x0 src/i2c_slave.o
 .data          0x00000000        0x0 src/i2c_slave.o
 .bss           0x00000000        0x0 src/i2c_slave.o
 .text.I2C_0_open
                0x00000000        0xc src/i2c_slave.o
 .text.I2C_0_close
                0x00000000        0xc src/i2c_slave.o
 .text.I2C_0_enable
                0x00000000        0xc src/i2c_slave.o
 .text.I2C_0_send_nack
                0x00000000        0x8 src/i2c_slave.o
 .text          0x00000000        0x0 src/protected_io.o
 .data          0x00000000        0x0 src/protected_io.o
 .bss           0x00000000        0x0 src/protected_io.o
 .text          0x00000000        0x0 src/slpctrl.o
 .data          0x00000000        0x0 src/slpctrl.o
 .bss           0x00000000        0x0 src/slpctrl.o
 .text.SLPCTRL_set_sleep_mode
                0x00000000       0x10 src/slpctrl.o
 .text          0x00000000        0x0 src/spi.o
 .data          0x00000000        0x0 src/spi.o
 .bss           0x00000000        0x0 src/spi.o
 .text          0x00000000        0x0 src/tca.o
 .data          0x00000000        0x0 src/tca.o
 .bss           0x00000000        0x0 src/tca.o
 .text          0x00000000        0x0 c:/program files (x86)/atmel/studio/7.0/toolchain/avr8/avr8-gnu-toolchain/bin/../lib/gcc/avr/5.4.0/avrxmega3/short-calls\libgcc.a(_exit.o)
 .data          0x00000000        0x0 c:/program files (x86)/atmel/studio/7.0/toolchain/avr8/avr8-gnu-toolchain/bin/../lib/gcc/avr/5.4.0/avrxmega3/short-calls\libgcc.a(_exit.o)
 .bss           0x00000000        0x0 c:/program files (x86)/atmel/studio/7.0/toolchain/avr8/avr8-gnu-toolchain/bin/../lib/gcc/avr/5.4.0/avrxmega3/short-calls\libgcc.a(_exit.o)
 .text.libgcc.mul
                0x00000000        0x0 c:/program files (x86)/atmel/studio/7.0/toolchain/avr8/avr8-gnu-toolchain/bin/../lib/gcc/avr/5.4.0/avrxmega3/short-calls\libgcc.a(_exit.o)
 .text.libgcc.div
                0x00000000        0x0 c:/program files (x86)/atmel/studio/7.0/toolchain/avr8/avr8-gnu-toolchain/bin/../lib/gcc/avr/5.4.0/avrxmega3/short-calls\libgcc.a(_exit.o)
 .text.libgcc   0x00000000        0x0 c:/program files (x86)/atmel/studio/7.0/toolchain/avr8/avr8-gnu-toolchain/bin/../lib/gcc/avr/5.4.0/avrxmega3/short-calls\libgcc.a(_exit.o)
 .text.libgcc.prologue
                0x00000000        0x0 c:/program files (x86)/atmel/studio/7.0/toolchain/avr8/avr8-gnu-toolchain/bin/../lib/gcc/avr/5.4.0/avrxmega3/short-calls\libgcc.a(_exit.o)
 .text.libgcc.builtins
                0x00000000        0x0 c:/program files (x86)/atmel/studio/7.0/toolchain/avr8/avr8-gnu-toolchain/bin/../lib/gcc/avr/5.4.0/avrxmega3/short-calls\libgcc.a(_exit.o)
 .text.libgcc.fmul
                0x00000000        0x0 c:/program files (x86)/atmel/studio/7.0/toolchain/avr8/avr8-gnu-toolchain/bin/../lib/gcc/avr/5.4.0/avrxmega3/short-calls\libgcc.a(_exit.o)
 .text.libgcc.fixed
                0x00000000        0x0 c:/program files (x86)/atmel/studio/7.0/toolchain/avr8/avr8-gnu-toolchain/bin/../lib/gcc/avr/5.4.0/avrxmega3/short-calls\libgcc.a(_exit.o)
 .text          0x00000000        0x0 c:/program files (x86)/atmel/studio/7.0/toolchain/avr8/avr8-gnu-toolchain/bin/../lib/gcc/avr/5.4.0/avrxmega3/short-calls\libgcc.a(_copy_data.o)
 .data          0x00000000        0x0 c:/program files (x86)/atmel/studio/7.0/toolchain/avr8/avr8-gnu-toolchain/bin/../lib/gcc/avr/5.4.0/avrxmega3/short-calls\libgcc.a(_copy_data.o)
 .bss           0x00000000        0x0 c:/program files (x86)/atmel/studio/7.0/toolchain/avr8/avr8-gnu-toolchain/bin/../lib/gcc/avr/5.4.0/avrxmega3/short-calls\libgcc.a(_copy_data.o)
 .text.libgcc.mul
                0x00000000        0x0 c:/program files (x86)/atmel/studio/7.0/toolchain/avr8/avr8-gnu-toolchain/bin/../lib/gcc/avr/5.4.0/avrxmega3/short-calls\libgcc.a(_copy_data.o)
 .text.libgcc.div
                0x00000000        0x0 c:/program files (x86)/atmel/studio/7.0/toolchain/avr8/avr8-gnu-toolchain/bin/../lib/gcc/avr/5.4.0/avrxmega3/short-calls\libgcc.a(_copy_data.o)
 .text.libgcc   0x00000000        0x0 c:/program files (x86)/atmel/studio/7.0/toolchain/avr8/avr8-gnu-toolchain/bin/../lib/gcc/avr/5.4.0/avrxmega3/short-calls\libgcc.a(_copy_data.o)
 .text.libgcc.prologue
                0x00000000        0x0 c:/program files (x86)/atmel/studio/7.0/toolchain/avr8/avr8-gnu-toolchain/bin/../lib/gcc/avr/5.4.0/avrxmega3/short-calls\libgcc.a(_copy_data.o)
 .text.libgcc.builtins
                0x00000000        0x0 c:/program files (x86)/atmel/studio/7.0/toolchain/avr8/avr8-gnu-toolchain/bin/../lib/gcc/avr/5.4.0/avrxmega3/short-calls\libgcc.a(_copy_data.o)
 .text.libgcc.fmul
                0x00000000        0x0 c:/program files (x86)/atmel/studio/7.0/toolchain/avr8/avr8-gnu-toolchain/bin/../lib/gcc/avr/5.4.0/avrxmega3/short-calls\libgcc.a(_copy_data.o)
 .text.libgcc.fixed
                0x00000000        0x0 c:/program files (x86)/atmel/studio/7.0/toolchain/avr8/avr8-gnu-toolchain/bin/../lib/gcc/avr/5.4.0/avrxmega3/short-calls\libgcc.a(_copy_data.o)
 .text          0x00000000        0x0 c:/program files (x86)/atmel/studio/7.0/toolchain/avr8/avr8-gnu-toolchain/bin/../lib/gcc/avr/5.4.0/avrxmega3/short-calls\libgcc.a(_clear_bss.o)
 .data          0x00000000        0x0 c:/program files (x86)/atmel/studio/7.0/toolchain/avr8/avr8-gnu-toolchain/bin/../lib/gcc/avr/5.4.0/avrxmega3/short-calls\libgcc.a(_clear_bss.o)
 .bss           0x00000000        0x0 c:/program files (x86)/atmel/studio/7.0/toolchain/avr8/avr8-gnu-toolchain/bin/../lib/gcc/avr/5.4.0/avrxmega3/short-calls\libgcc.a(_clear_bss.o)
 .text.libgcc.mul
                0x00000000        0x0 c:/program files (x86)/atmel/studio/7.0/toolchain/avr8/avr8-gnu-toolchain/bin/../lib/gcc/avr/5.4.0/avrxmega3/short-calls\libgcc.a(_clear_bss.o)
 .text.libgcc.div
                0x00000000        0x0 c:/program files (x86)/atmel/studio/7.0/toolchain/avr8/avr8-gnu-toolchain/bin/../lib/gcc/avr/5.4.0/avrxmega3/short-calls\libgcc.a(_clear_bss.o)
 .text.libgcc   0x00000000        0x0 c:/program files (x86)/atmel/studio/7.0/toolchain/avr8/avr8-gnu-toolchain/bin/../lib/gcc/avr/5.4.0/avrxmega3/short-calls\libgcc.a(_clear_bss.o)
 .text.libgcc.prologue
                0x00000000        0x0 c:/program files (x86)/atmel/studio/7.0/toolchain/avr8/avr8-gnu-toolchain/bin/../lib/gcc/avr/5.4.0/avrxmega3/short-calls\libgcc.a(_clear_bss.o)
 .text.libgcc.builtins
                0x00000000        0x0 c:/program files (x86)/atmel/studio/7.0/toolchain/avr8/avr8-gnu-toolchain/bin/../lib/gcc/avr/5.4.0/avrxmega3/short-calls\libgcc.a(_clear_bss.o)
 .text.libgcc.fmul
                0x00000000        0x0 c:/program files (x86)/atmel/studio/7.0/toolchain/avr8/avr8-gnu-toolchain/bin/../lib/gcc/avr/5.4.0/avrxmega3/short-calls\libgcc.a(_clear_bss.o)
 .text.libgcc.fixed
                0x00000000        0x0 c:/program files (x86)/atmel/studio/7.0/toolchain/avr8/avr8-gnu-toolchain/bin/../lib/gcc/avr/5.4.0/avrxmega3/short-calls\libgcc.a(_clear_bss.o)

Memory Configuration

Name             Origin             Length             Attributes
text             0x00000000         0x00002000         xr
data             0x00803e00         0x00000200         rw !x
eeprom           0x00810000         0x00000080         rw !x
fuse             0x00820000         0x0000000a         rw !x
lock             0x00830000         0x00000400         rw !x
signature        0x00840000         0x00000400         rw !x
user_signatures  0x00850000         0x00000400         rw !x
*default*        0x00000000         0xffffffff

Linker script and memory map

Address of section .data set to 0x803e00
                0x00008000                __RODATA_PM_OFFSET__ = 0x8000
LOAD C:/Program Files (x86)/Atmel/Studio/7.0/Packs/Atmel/ATtiny_DFP/1.9.337/gcc/dev/attiny817/avrxmega3/short-calls/crtattiny817.o
LOAD atmel_start.o
LOAD driver_isr.o
LOAD examples/src/i2c_slave_example.o
LOAD main.o
LOAD src/bod.o
LOAD src/ccl.o
LOAD src/clkctrl.o
LOAD src/cpuint.o
LOAD src/driver_init.o
LOAD src/i2c_slave.o
LOAD src/protected_io.o
LOAD src/slpctrl.o
LOAD src/spi.o
LOAD src/tca.o
START GROUP
LOAD c:/program files (x86)/atmel/studio/7.0/toolchain/avr8/avr8-gnu-toolchain/bin/../lib/gcc/avr/5.4.0/../../../../avr/lib/avrxmega3/short-calls\libm.a
END GROUP
START GROUP
LOAD c:/program files (x86)/atmel/studio/7.0/toolchain/avr8/avr8-gnu-toolchain/bin/../lib/gcc/avr/5.4.0/avrxmega3/short-calls\libgcc.a
LOAD c:/program files (x86)/atmel/studio/7.0/toolchain/avr8/avr8-gnu-toolchain/bin/../lib/gcc/avr/5.4.0/../../../../avr/lib/avrxmega3/short-calls\libm.a
LOAD c:/program files (x86)/atmel/studio/7.0/toolchain/avr8/avr8-gnu-toolchain/bin/../lib/gcc/avr/5.4.0/../../../../avr/lib/avrxmega3/short-calls\libc.a
LOAD C:/Program Files (x86)/Atmel/Studio/7.0/Packs/Atmel/ATtiny_DFP/1.9.337/gcc/dev/attiny817/avrxmega3/short-calls\libattiny817.a
END GROUP
                [0x00000000]                __TEXT_REGION_ORIGIN__ = DEFINED (__TEXT_REGION_ORIGIN__)?__TEXT_REGION_ORIGIN__:0x0
                [0x00803e00]                __DATA_REGION_ORIGIN__ = DEFINED (__DATA_REGION_ORIGIN__)?__DATA_REGION_ORIGIN__:0x802000
                [0x00002000]                __TEXT_REGION_LENGTH__ = DEFINED (__TEXT_REGION_LENGTH__)?__TEXT_REGION_LENGTH__:0x100000
                [0x00000200]                __DATA_REGION_LENGTH__ = DEFINED (__DATA_REGION_LENGTH__)?__DATA_REGION_LENGTH__:0xffa0
                [0x00000080]                __EEPROM_REGION_LENGTH__ = DEFINED (__EEPROM_REGION_LENGTH__)?__EEPROM_REGION_LENGTH__:0x10000
                [0x0000000a]                __FUSE_REGION_LENGTH__ = DEFINED (__FUSE_REGION_LENGTH__)?__FUSE_REGION_LENGTH__:0x400
                0x00000400                __LOCK_REGION_LENGTH__ = DEFINED (__LOCK_REGION_LENGTH__)?__LOCK_REGION_LENGTH__:0x400
                0x00000400                __SIGNATURE_REGION_LENGTH__ = DEFINED (__SIGNATURE_REGION_LENGTH__)?__SIGNATURE_REGION_LENGTH__:0x400
                0x00000400                __USER_SIGNATURE_REGION_LENGTH__ = DEFINED (__USER_SIGNATURE_REGION_LENGTH__)?__USER_SIGNATURE_REGION_LENGTH__:0x400
                0x00008000                __RODATA_PM_OFFSET__ = DEFINED (__RODATA_PM_OFFSET__)?__RODATA_PM_OFFSET__:0x8000

.hash
 *(.hash)

.dynsym
 *(.dynsym)

.dynstr
 *(.dynstr)

.gnu.version
 *(.gnu.version)

.gnu.version_d
 *(.gnu.version_d)

.gnu.version_r
 *(.gnu.version_r)

.rel.init
 *(.rel.init)

.rela.init
 *(.rela.init)

.rel.text
 *(.rel.text)
 *(.rel.text.*)
 *(.rel.gnu.linkonce.t*)

.rela.text
 *(.rela.text)
 *(.rela.text.*)
 *(.rela.gnu.linkonce.t*)

.rel.fini
 *(.rel.fini)

.rela.fini
 *(.rela.fini)

.rel.rodata
 *(.rel.rodata)
 *(.rel.rodata.*)
 *(.rel.gnu.linkonce.r*)

.rela.rodata
 *(.rela.rodata)
 *(.rela.rodata.*)
 *(.rela.gnu.linkonce.r*)

.rel.data
 *(.rel.data)
 *(.rel.data.*)
 *(.rel.gnu.linkonce.d*)

.rela.data
 *(.rela.data)
 *(.rela.data.*)
 *(.rela.gnu.linkonce.d*)

.rel.ctors
 *(.rel.ctors)

.rela.ctors
 *(.rela.ctors)

.rel.dtors
 *(.rel.dtors)

.rela.dtors
 *(.rela.dtors)

.rel.got
 *(.rel.got)

.rela.got
 *(.rela.got)

.rel.bss
 *(.rel.bss)

.rela.bss
 *(.rela.bss)

.rel.plt
 *(.rel.plt)

.rela.plt
 *(.rela.plt)

.text           0x00000000      0xa96
 *(.vectors)
 .vectors       0x00000000       0x34 C:/Program Files (x86)/Atmel/Studio/7.0/Packs/Atmel/ATtiny_DFP/1.9.337/gcc/dev/attiny817/avrxmega3/short-calls/crtattiny817.o
                0x00000000                __vector_default
                0x00000000                __vectors
 *(.vectors)
 *(.progmem.gcc*)
                0x00000034                . = ALIGN (0x2)
                0x00000034                __trampolines_start = .
 *(.trampolines)
 .trampolines   0x00000034        0x0 linker stubs
 *(.trampolines*)
                0x00000034                __trampolines_end = .
 *libprintf_flt.a:*(.progmem.data)
 *libc.a:*(.progmem.data)
 *(.progmem*)
                0x00000034                . = ALIGN (0x2)
 *(.jumptables)
 *(.jumptables*)
 *(.lowtext)
 *(.lowtext*)
                0x00000034                __ctors_start = .
 *(.ctors)
                0x00000034                __ctors_end = .
                0x00000034                __dtors_start = .
 *(.dtors)
                0x00000034                __dtors_end = .
 SORT(*)(.ctors)
 SORT(*)(.dtors)
 *(.init0)
 .init0         0x00000034        0x0 C:/Program Files (x86)/Atmel/Studio/7.0/Packs/Atmel/ATtiny_DFP/1.9.337/gcc/dev/attiny817/avrxmega3/short-calls/crtattiny817.o
                0x00000034                __init
 *(.init0)
 *(.init1)
 *(.init1)
 *(.init2)
 .init2         0x00000034        0xc C:/Program Files (x86)/Atmel/Studio/7.0/Packs/Atmel/ATtiny_DFP/1.9.337/gcc/dev/attiny817/avrxmega3/short-calls/crtattiny817.o
 *(.init2)
 *(.init3)
 *(.init3)
 *(.init4)
 .init4         0x00000040       0x16 c:/program files (x86)/atmel/studio/7.0/toolchain/avr8/avr8-gnu-toolchain/bin/../lib/gcc/avr/5.4.0/avrxmega3/short-calls\libgcc.a(_copy_data.o)
                0x00000040                __do_copy_data
 .init4         0x00000056       0x10 c:/program files (x86)/atmel/studio/7.0/toolchain/avr8/avr8-gnu-toolchain/bin/../lib/gcc/avr/5.4.0/avrxmega3/short-calls\libgcc.a(_clear_bss.o)
                0x00000056                __do_clear_bss
 *(.init4)
 *(.init5)
 *(.init5)
 *(.init6)
 *(.init6)
 *(.init7)
 *(.init7)
 *(.init8)
 *(.init8)
 *(.init9)
 .init9         0x00000066        0x4 C:/Program Files (x86)/Atmel/Studio/7.0/Packs/Atmel/ATtiny_DFP/1.9.337/gcc/dev/attiny817/avrxmega3/short-calls/crtattiny817.o
 *(.init9)
 *(.text)
 .text          0x0000006a        0x2 C:/Program Files (x86)/Atmel/Studio/7.0/Packs/Atmel/ATtiny_DFP/1.9.337/gcc/dev/attiny817/avrxmega3/short-calls/crtattiny817.o
                0x0000006a                __vector_22
                0x0000006a                __vector_1
                0x0000006a                __vector_24
                0x0000006a                __vector_12
                0x0000006a                __bad_interrupt
                0x0000006a                __vector_6
                0x0000006a                __vector_3
                0x0000006a                __vector_23
                0x0000006a                __vector_25
                0x0000006a                __vector_11
                0x0000006a                __vector_13
                0x0000006a                __vector_17
                0x0000006a                __vector_7
                0x0000006a                __vector_5
                0x0000006a                __vector_4
                0x0000006a                __vector_9
                0x0000006a                __vector_2
                0x0000006a                __vector_21
                0x0000006a                __vector_15
                0x0000006a                __vector_8
                0x0000006a                __vector_14
                0x0000006a                __vector_10
                0x0000006a                __vector_16
                0x0000006a                __vector_18
                0x0000006a                __vector_20
                0x0000006c                . = ALIGN (0x2)
 *(.text.*)
 .text.atmel_start_init
                0x0000006c        0x4 atmel_start.o
                0x0000006c                atmel_start_init
 .text.I2C_error_handler
                0x00000070        0x2 main.o
                0x00000070                I2C_error_handler
 .text.I2C_address_handler
                0x00000072       0x2a main.o
                0x00000072                I2C_address_handler
 .text.write_to_LEDs
                0x0000009c       0x4e main.o
                0x0000009c                write_to_LEDs
 .text.update_LEDs
                0x000000ea       0x14 main.o
                0x000000ea                update_LEDs
 .text.I2C_stop_handler
                0x000000fe       0x2e main.o
                0x000000fe                I2C_stop_handler
 .text.read_input_port
                0x0000012c      0x126 main.o
                0x0000012c                read_input_port
 .text.I2C_read_handler
                0x00000252       0xfc main.o
                0x00000252                I2C_read_handler
 .text.write_data_port
                0x0000034e      0x10c main.o
                0x0000034e                write_data_port
 .text.write_config_port
                0x0000045a      0x158 main.o
                0x0000045a                write_config_port
 .text.I2C_write_handler
                0x000005b2       0xde main.o
                0x000005b2                I2C_write_handler
 .text.main     0x00000690       0x64 main.o
                0x00000690                main
 .text.BOD_init
                0x000006f4        0x4 src/bod.o
                0x000006f4                BOD_init
 .text.DIGITAL_GLUE_LOGIC_0_init
                0x000006f8       0x1c src/ccl.o
                0x000006f8                DIGITAL_GLUE_LOGIC_0_init
 .text.CLKCTRL_init
                0x00000714        0xe src/clkctrl.o
                0x00000714                CLKCTRL_init
 .text.CPUINT_init
                0x00000722        0x6 src/cpuint.o
                0x00000722                CPUINT_init
 .text.mcu_init
                0x00000728       0x4a src/driver_init.o
                0x00000728                mcu_init
 .text.TIMER_0_initialization
                0x00000772        0x4 src/driver_init.o
                0x00000772                TIMER_0_initialization
 .text.DIGITAL_GLUE_LOGIC_0_initialization
                0x00000776       0x1a src/driver_init.o
                0x00000776                DIGITAL_GLUE_LOGIC_0_initialization
 .text.SPI_0_initialization
                0x00000790       0x54 src/driver_init.o
                0x00000790                SPI_0_initialization
 .text.I2C_0_initialization
                0x000007e4       0x9c src/driver_init.o
                0x000007e4                I2C_0_initialization
 .text.system_init
                0x00000880       0x14 src/driver_init.o
                0x00000880                system_init
 .text.I2C_0_read
                0x00000894        0x6 src/i2c_slave.o
                0x00000894                I2C_0_read
 .text.I2C_0_write
                0x0000089a        0xe src/i2c_slave.o
                0x0000089a                I2C_0_write
 .text.I2C_0_send_ack
                0x000008a8        0x8 src/i2c_slave.o
                0x000008a8                I2C_0_send_ack
 .text.I2C_0_goto_unaddressed
                0x000008b0       0x10 src/i2c_slave.o
                0x000008b0                I2C_0_goto_unaddressed
 .text.I2C_0_read_callback
                0x000008c0       0x10 src/i2c_slave.o
                0x000008c0                I2C_0_read_callback
 .text.I2C_0_set_read_callback
                0x000008d0        0xa src/i2c_slave.o
                0x000008d0                I2C_0_set_read_callback
 .text.I2C_0_write_callback
                0x000008da       0x10 src/i2c_slave.o
                0x000008da                I2C_0_write_callback
 .text.I2C_0_set_write_callback
                0x000008ea        0xa src/i2c_slave.o
                0x000008ea                I2C_0_set_write_callback
 .text.I2C_0_address_callback
                0x000008f4       0x10 src/i2c_slave.o
                0x000008f4                I2C_0_address_callback
 .text.I2C_0_set_address_callback
                0x00000904        0xa src/i2c_slave.o
                0x00000904                I2C_0_set_address_callback
 .text.I2C_0_stop_callback
                0x0000090e       0x10 src/i2c_slave.o
                0x0000090e                I2C_0_stop_callback
 .text.I2C_0_set_stop_callback
                0x0000091e        0xa src/i2c_slave.o
                0x0000091e                I2C_0_set_stop_callback
 .text.I2C_0_collision_callback
                0x00000928       0x10 src/i2c_slave.o
                0x00000928                I2C_0_collision_callback
 .text.I2C_0_set_collision_callback
                0x00000938        0xa src/i2c_slave.o
                0x00000938                I2C_0_set_collision_callback
 .text.I2C_0_bus_error_callback
                0x00000942       0x10 src/i2c_slave.o
                0x00000942                I2C_0_bus_error_callback
 .text.I2C_0_isr
                0x00000952       0x82 src/i2c_slave.o
                0x00000952                I2C_0_isr
 .text.__vector_19
                0x000009d4       0x46 src/i2c_slave.o
                0x000009d4                __vector_19
 .text.I2C_0_set_bus_error_callback
                0x00000a1a        0xa src/i2c_slave.o
                0x00000a1a                I2C_0_set_bus_error_callback
 .text.I2C_0_init
                0x00000a24       0x36 src/i2c_slave.o
                0x00000a24                I2C_0_init
 .text.protected_write_io
                0x00000a5a        0x8 src/protected_io.o
                0x00000a5a                protected_write_io
 .text.SLPCTRL_init
                0x00000a62        0x4 src/slpctrl.o
                0x00000a62                SLPCTRL_init
 .text.SPI_0_init
                0x00000a66       0x10 src/spi.o
                0x00000a66                SPI_0_init
 .text.TIMER_0_init
                0x00000a76       0x1c src/tca.o
                0x00000a76                TIMER_0_init
                0x00000a92                . = ALIGN (0x2)
 *(.fini9)
 .fini9         0x00000a92        0x0 c:/program files (x86)/atmel/studio/7.0/toolchain/avr8/avr8-gnu-toolchain/bin/../lib/gcc/avr/5.4.0/avrxmega3/short-calls\libgcc.a(_exit.o)
                0x00000a92                _exit
                0x00000a92                exit
 *(.fini9)
 *(.fini8)
 *(.fini8)
 *(.fini7)
 *(.fini7)
 *(.fini6)
 *(.fini6)
 *(.fini5)
 *(.fini5)
 *(.fini4)
 *(.fini4)
 *(.fini3)
 *(.fini3)
 *(.fini2)
 *(.fini2)
 *(.fini1)
 *(.fini1)
 *(.fini0)
 .fini0         0x00000a92        0x4 c:/program files (x86)/atmel/studio/7.0/toolchain/avr8/avr8-gnu-toolchain/bin/../lib/gcc/avr/5.4.0/avrxmega3/short-calls\libgcc.a(_exit.o)
 *(.fini0)
                0x00000a96                _etext = .

.rodata
 *(.rodata)
 *(.rodata*)
 *(.gnu.linkonce.r*)

.data           0x00803e00       0x16 load address 0x00000a96
                0x00803e00                PROVIDE (__data_start, .)
 *(.data)
 *(.data*)
 .data.CONF_REG
                0x00803e00        0x2 main.o
                0x00803e00                CONF_REG
 .data.OUT_REG  0x00803e02        0x2 main.o
                0x00803e02                OUT_REG
 .data.PORT_pins
                0x00803e04       0x10 main.o
                0x00803e04                PORT_pins
 .data.isFirstByte.3669
                0x00803e14        0x1 src/i2c_slave.o
 *(.gnu.linkonce.d*)
                0x00803e16                . = ALIGN (0x2)
 *fill*         0x00803e15        0x1 
                0x00803e16                _edata = .
                0x00803e16                PROVIDE (__data_end, .)

.bss            0x00803e16      0x191
                0x00803e16                PROVIDE (__bss_start, .)
 *(.bss)
 *(.bss*)
 .bss.num_LEDs  0x00803e16        0x1 main.o
                0x00803e16                num_LEDs
 .bss.LED_data  0x00803e17      0x180 main.o
                0x00803e17                LED_data
 .bss.i2c_saddr
                0x00803f97        0x1 main.o
                0x00803f97                i2c_saddr
 *(COMMON)
 COMMON         0x00803f98        0x3 main.o
                0x00803f98                reg
                0x00803f99                data_count
 COMMON         0x00803f9b        0xc src/i2c_slave.o
                0x00803f9b                I2C_0_stop_interrupt_handler
                0x00803f9d                I2C_0_write_interrupt_handler
                0x00803f9f                I2C_0_read_interrupt_handler
                0x00803fa1                I2C_0_address_interrupt_handler
                0x00803fa3                I2C_0_bus_error_interrupt_handler
                0x00803fa5                I2C_0_collision_interrupt_handler
                0x00803fa7                PROVIDE (__bss_end, .)
                0x00000a96                __data_load_start = LOADADDR (.data)
                0x00000aac                __data_load_end = (__data_load_start + SIZEOF (.data))

.noinit         0x00803fa7        0x0
                [!provide]                PROVIDE (__noinit_start, .)
 *(.noinit*)
                [!provide]                PROVIDE (__noinit_end, .)
                0x00803fa7                _end = .
                [!provide]                PROVIDE (__heap_start, .)

.eeprom         0x00810000        0x0
 *(.eeprom*)
                0x00810000                __eeprom_end = .

.fuse
 *(.fuse)
 *(.lfuse)
 *(.hfuse)
 *(.efuse)

.lock
 *(.lock*)

.signature
 *(.signature*)

.user_signatures
 *(.user_signatures*)

.stab
 *(.stab)

.stabstr
 *(.stabstr)

.stab.excl
 *(.stab.excl)

.stab.exclstr
 *(.stab.exclstr)

.stab.index
 *(.stab.index)

.stab.indexstr
 *(.stab.indexstr)

.comment        0x00000000       0x30
 *(.comment)
 .comment       0x00000000       0x30 atmel_start.o
                                 0x31 (size before relaxing)
 .comment       0x00000030       0x31 main.o
 .comment       0x00000030       0x31 src/bod.o
 .comment       0x00000030       0x31 src/ccl.o
 .comment       0x00000030       0x31 src/clkctrl.o
 .comment       0x00000030       0x31 src/cpuint.o
 .comment       0x00000030       0x31 src/driver_init.o
 .comment       0x00000030       0x31 src/i2c_slave.o
 .comment       0x00000030       0x31 src/slpctrl.o
 .comment       0x00000030       0x31 src/spi.o
 .comment       0x00000030       0x31 src/tca.o

.note.gnu.avr.deviceinfo
                0x00000000       0x3c
 .note.gnu.avr.deviceinfo
                0x00000000       0x3c C:/Program Files (x86)/Atmel/Studio/7.0/Packs/Atmel/ATtiny_DFP/1.9.337/gcc/dev/attiny817/avrxmega3/short-calls/crtattiny817.o

.note.gnu.build-id
 *(.note.gnu.build-id)

.debug
 *(.debug)

.line
 *(.line)

.debug_srcinfo
 *(.debug_srcinfo)

.debug_sfnames
 *(.debug_sfnames)

.debug_aranges  0x00000000      0x2b8
 *(.debug_aranges)
 .debug_aranges
                0x00000000       0x20 atmel_start.o
 .debug_aranges
                0x00000020       0x78 main.o
 .debug_aranges
                0x00000098       0x20 src/bod.o
 .debug_aranges
                0x000000b8       0x20 src/ccl.o
 .debug_aranges
                0x000000d8       0x20 src/clkctrl.o
 .debug_aranges
                0x000000f8       0x20 src/cpuint.o
 .debug_aranges
                0x00000118       0x48 src/driver_init.o
 .debug_aranges
                0x00000160       0xd0 src/i2c_slave.o
 .debug_aranges
                0x00000230       0x20 src/protected_io.o
 .debug_aranges
                0x00000250       0x28 src/slpctrl.o
 .debug_aranges
                0x00000278       0x20 src/spi.o
 .debug_aranges
                0x00000298       0x20 src/tca.o

.debug_pubnames
 *(.debug_pubnames)

.debug_info     0x00000000     0x53d9
 *(.debug_info .gnu.linkonce.wi.*)
 .debug_info    0x00000000     0x16bc C:/Program Files (x86)/Atmel/Studio/7.0/Packs/Atmel/ATtiny_DFP/1.9.337/gcc/dev/attiny817/avrxmega3/short-calls/crtattiny817.o
 .debug_info    0x000016bc       0x9a atmel_start.o
 .debug_info    0x00001756     0x13d7 main.o
 .debug_info    0x00002b2d       0x8d src/bod.o
 .debug_info    0x00002bba      0x2db src/ccl.o
 .debug_info    0x00002e95      0x2b5 src/clkctrl.o
 .debug_info    0x0000314a       0x8d src/cpuint.o
 .debug_info    0x000031d7     0x115a src/driver_init.o
 .debug_info    0x00004331      0x628 src/i2c_slave.o
 .debug_info    0x00004959       0x81 src/protected_io.o
 .debug_info    0x000049da      0x14b src/slpctrl.o
 .debug_info    0x00004b25      0x186 src/spi.o
 .debug_info    0x00004cab      0x72e src/tca.o

.debug_abbrev   0x00000000     0x2209
 *(.debug_abbrev)
 .debug_abbrev  0x00000000     0x1582 C:/Program Files (x86)/Atmel/Studio/7.0/Packs/Atmel/ATtiny_DFP/1.9.337/gcc/dev/attiny817/avrxmega3/short-calls/crtattiny817.o
 .debug_abbrev  0x00001582       0x63 atmel_start.o
 .debug_abbrev  0x000015e5      0x345 main.o
 .debug_abbrev  0x0000192a       0x51 src/bod.o
 .debug_abbrev  0x0000197b       0xb1 src/ccl.o
 .debug_abbrev  0x00001a2c      0x117 src/clkctrl.o
 .debug_abbrev  0x00001b43       0x51 src/cpuint.o
 .debug_abbrev  0x00001b94      0x214 src/driver_init.o
 .debug_abbrev  0x00001da8      0x1c4 src/i2c_slave.o
 .debug_abbrev  0x00001f6c       0x14 src/protected_io.o
 .debug_abbrev  0x00001f80       0xd6 src/slpctrl.o
 .debug_abbrev  0x00002056       0xb1 src/spi.o
 .debug_abbrev  0x00002107      0x102 src/tca.o

.debug_line     0x00000000     0x16bc
 *(.debug_line .debug_line.* .debug_line_end)
 .debug_line    0x00000000      0x136 C:/Program Files (x86)/Atmel/Studio/7.0/Packs/Atmel/ATtiny_DFP/1.9.337/gcc/dev/attiny817/avrxmega3/short-calls/crtattiny817.o
 .debug_line    0x00000136       0x60 atmel_start.o
 .debug_line    0x00000196      0x609 main.o
 .debug_line    0x0000079f       0xa2 src/bod.o
 .debug_line    0x00000841      0x120 src/ccl.o
 .debug_line    0x00000961      0x136 src/clkctrl.o
 .debug_line    0x00000a97       0xab src/cpuint.o
 .debug_line    0x00000b42      0x3c2 src/driver_init.o
 .debug_line    0x00000f04      0x425 src/i2c_slave.o
 .debug_line    0x00001329       0x55 src/protected_io.o
 .debug_line    0x0000137e      0x11c src/slpctrl.o
 .debug_line    0x0000149a      0x10e src/spi.o
 .debug_line    0x000015a8      0x114 src/tca.o

.debug_frame    0x00000000      0x458
 *(.debug_frame)
 .debug_frame   0x00000000       0x24 atmel_start.o
 .debug_frame   0x00000024       0xe8 main.o
 .debug_frame   0x0000010c       0x24 src/bod.o
 .debug_frame   0x00000130       0x24 src/ccl.o
 .debug_frame   0x00000154       0x24 src/clkctrl.o
 .debug_frame   0x00000178       0x24 src/cpuint.o
 .debug_frame   0x0000019c       0x74 src/driver_init.o
 .debug_frame   0x00000210      0x1cc src/i2c_slave.o
 .debug_frame   0x000003dc       0x34 src/slpctrl.o
 .debug_frame   0x00000410       0x24 src/spi.o
 .debug_frame   0x00000434       0x24 src/tca.o

.debug_str      0x00000000     0x1f50
 *(.debug_str)
 .debug_str     0x00000000      0x9a7 C:/Program Files (x86)/Atmel/Studio/7.0/Packs/Atmel/ATtiny_DFP/1.9.337/gcc/dev/attiny817/avrxmega3/short-calls/crtattiny817.o
 .debug_str     0x000009a7      0x16f atmel_start.o
                                0x1a3 (size before relaxing)
 .debug_str     0x00000b16      0x66b main.o
                                0x842 (size before relaxing)
 .debug_str     0x00001181       0x16 src/bod.o
                                0x190 (size before relaxing)
 .debug_str     0x00001197      0x3f0 src/ccl.o
                                0x59a (size before relaxing)
 .debug_str     0x00001587      0x1c3 src/clkctrl.o
                                0x38e (size before relaxing)
 .debug_str     0x0000174a       0x1c src/cpuint.o
                                0x196 (size before relaxing)
 .debug_str     0x00001766      0x30e src/driver_init.o
                                0x6b6 (size before relaxing)
 .debug_str     0x00001a74      0x2af src/i2c_slave.o
                                0x548 (size before relaxing)
 .debug_str     0x00001d23       0xb0 src/slpctrl.o
                                0x25c (size before relaxing)
 .debug_str     0x00001dd3       0xae src/spi.o
                                0x285 (size before relaxing)
 .debug_str     0x00001e81       0xcf src/tca.o
                                0x460 (size before relaxing)

.debug_loc      0x00000000      0xc90
 *(.debug_loc)
 .debug_loc     0x00000000      0x615 main.o
 .debug_loc     0x00000615       0x29 src/clkctrl.o
 .debug_loc     0x0000063e      0x518 src/driver_init.o
 .debug_loc     0x00000b56      0x119 src/i2c_slave.o
 .debug_loc     0x00000c6f       0x21 src/slpctrl.o

.debug_macinfo
 *(.debug_macinfo)

.debug_weaknames
 *(.debug_weaknames)

.debug_funcnames
 *(.debug_funcnames)

.debug_typenames
 *(.debug_typenames)

.debug_varnames
 *(.debug_varnames)

.debug_pubtypes
 *(.debug_pubtypes)

.debug_ranges   0x00000000      0x1e8
 *(.debug_ranges)
 .debug_ranges  0x00000000       0x10 atmel_start.o
 .debug_ranges  0x00000010       0x68 main.o
 .debug_ranges  0x00000078       0x10 src/bod.o
 .debug_ranges  0x00000088       0x10 src/ccl.o
 .debug_ranges  0x00000098       0x10 src/clkctrl.o
 .debug_ranges  0x000000a8       0x10 src/cpuint.o
 .debug_ranges  0x000000b8       0x38 src/driver_init.o
 .debug_ranges  0x000000f0       0xc0 src/i2c_slave.o
 .debug_ranges  0x000001b0       0x18 src/slpctrl.o
 .debug_ranges  0x000001c8       0x10 src/spi.o
 .debug_ranges  0x000001d8       0x10 src/tca.o

.debug_macro
 *(.debug_macro)
OUTPUT(01.elf elf32-avr)
LOAD linker stubs
